---
source: tests/round_draw_list.rs
expression: head
---
- row: 0
  col: 0
  glyph: ~
  fg: ~
  bg:
    - 17
    - 19
    - 27
  bold: false
- row: 0
  col: 1
  glyph: ~
  fg: ~
  bg:
    - 17
    - 19
    - 27
  bold: false
- row: 0
  col: 2
  glyph: ~
  fg: ~
  bg:
    - 17
    - 19
    - 27
  bold: false
- row: 0
  col: 3
  glyph: ~
  fg: ~
  bg:
    - 17
    - 19
    - 27
  bold: false
- row: 0
  col: 4
  glyph: ~
  fg: ~
  bg:
    - 17
    - 19
    - 27
  bold: false
- row: 0
  col: 5
  glyph: ~
  fg: ~
  bg:
    - 17
    - 19
    - 27
  bold: false
- row: 0
  col: 6
  glyph: ~
  fg: ~
  bg:
    - 17
    - 19
    - 27
  bold: false
- row: 0
  col: 7
  glyph: ~
  fg: ~
  bg:
    - 17
    - 19
    - 27
  bold: false
- row: 0
  col: 8
  glyph: ~
  fg: ~
  bg:
    - 17
    - 19
    - 27
  bold: false
- row: 0
  col: 9
  glyph: ~
  fg: ~
  bg:
    - 17
    - 19
    - 27
  bold: false
- row: 0
  col: 10
  glyph: ~
  fg: ~
  bg:
    - 17
    - 19
    - 27
  bold: false
- row: 0
  col: 11
  glyph: ~
  fg: ~
  bg:
    - 17
    - 19
    - 27
  bold: false
- row: 0
  col: 12
  glyph: ~
  fg: ~
  bg:
    - 17
    - 19
    - 27
  bold: false
- row: 0
  col: 13
  glyph: ~
  fg: ~
  bg:
    - 17
    - 19
    - 27
  bold: false
- row: 0
  col: 14
  glyph: ~
  fg: ~
  bg:
    - 17
    - 19
    - 27
  bold: false
- row: 0
  col: 15
  glyph: ~
  fg: ~
  bg:
    - 17
    - 19
    - 27
  bold: false
- row: 0
  col: 16
  glyph: ~
  fg: ~
  bg:
    - 17
    - 19
    - 27
  bold: false
- row: 0
  col: 17
  glyph: ~
  fg: ~
  bg:
    - 17
    - 19
    - 27
  bold: false
- row: 0
  col: 18
  glyph: ~
  fg: ~
  bg:
    - 17
    - 19
    - 27
  bold: false
- row: 0
  col: 19
  glyph: ~
  fg: ~
  bg:
    - 17
    - 19
    - 27
  bold: false
