---
source: tests/round_draw_list.rs
expression: tail
---
- row: 9
  col: 21
  glyph: o
  fg:
    - 239
    - 235
    - 228
  bg: ~
  bold: false
- row: 9
  col: 23
  glyph: )
  fg:
    - 239
    - 235
    - 228
  bg: ~
  bold: false
- row: 10
  col: 18
  glyph: ">"
  fg:
    - 239
    - 235
    - 228
  bg: ~
  bold: false
- row: 10
  col: 20
  glyph: ^
  fg:
    - 239
    - 235
    - 228
  bg: ~
  bold: false
- row: 10
  col: 22
  glyph: "<"
  fg:
    - 239
    - 235
    - 228
  bg: ~
  bold: false
