---
source: tests/round_draw_list.rs
expression: tail
---
- row: 5
  col: 28
  glyph: o
  fg:
    - 239
    - 235
    - 228
  bg: ~
  bold: false
- row: 5
  col: 30
  glyph: )
  fg:
    - 239
    - 235
    - 228
  bg: ~
  bold: false
- row: 6
  col: 25
  glyph: ">"
  fg:
    - 239
    - 235
    - 228
  bg: ~
  bold: false
- row: 6
  col: 27
  glyph: ^
  fg:
    - 239
    - 235
    - 228
  bg: ~
  bold: false
- row: 6
  col: 29
  glyph: "<"
  fg:
    - 239
    - 235
    - 228
  bg: ~
  bold: false
